[www.iptvtemplate.shop/home-option-6/index.html]
[backblue.gif]
[fade.gif]
[index.html]
[www.iptvtemplate.shop/wp-content/plugins/click-to-chat-for-whatsapp/new/inc/assets/css/mainec5b.css]
[c0.wp.com/c/6.4.2/wp-includes/css/dist/block-library/style.min.css]
[www.iptvtemplate.shop/wp-content/plugins/jetpack/jetpack_vendor/automattic/jetpack-videopress/build/block-editor/blocks/video/view1eec.css]
[c0.wp.com/c/6.4.2/wp-includes/js/mediaelement/mediaelementplayer-legacy.min.css]
[c0.wp.com/c/6.4.2/wp-includes/js/mediaelement/wp-mediaelement.min.css]
[c0.wp.com/p/woocommerce/8.1.1/packages/woocommerce-blocks/build/wc-blocks-vendors-style.css]
[c0.wp.com/p/woocommerce/8.1.1/packages/woocommerce-blocks/build/wc-all-blocks-style.css]
[www.iptvtemplate.shop/wp-content/plugins/woolentor-addons/woolentor-blocks/src/assets/css/common-stylea19e.css]
[www.iptvtemplate.shop/wp-content/plugins/woolentor-addons/woolentor-blocks/src/assets/css/style-indexa19e.css]
[www.iptvtemplate.shop/wp-content/plugins/popup-builder/public/css/theme9d4d.css]
[www.iptvtemplate.shop/wp-content/plugins/popup-builder/public/css/ResetFormStyle9d4d.css]
[www.iptvtemplate.shop/wp-content/plugins/popup-builder/public/css/SubscriptionForm9d4d.css]
[c0.wp.com/p/woocommerce/8.1.1/assets/css/woocommerce-layout.css]
[c0.wp.com/p/woocommerce/8.1.1/assets/css/woocommerce-smallscreen.css]
[c0.wp.com/p/woocommerce/8.1.1/assets/css/woocommerce.css]
[www.iptvtemplate.shop/wp-content/plugins/elementor/assets/lib/font-awesome/css/font-awesome.min1849.css]
[www.iptvtemplate.shop/wp-content/plugins/woolentor-addons/assets/css/simple-line-iconsa19e.css]
[www.iptvtemplate.shop/wp-content/plugins/woolentor-addons/assets/css/htflexboxgrida19e.css]
[www.iptvtemplate.shop/wp-content/plugins/woolentor-addons/assets/css/slicka19e.css]
[www.iptvtemplate.shop/wp-content/plugins/woolentor-addons/assets/css/woolentor-widgetsa19e.css]
[www.iptvtemplate.shop/wp-content/themes/hello-elementor/style.min1102.css]
[www.iptvtemplate.shop/wp-content/themes/hello-elementor/theme.min1102.css]
[www.iptvtemplate.shop/wp-content/plugins/elementor/assets/css/frontend-lite.min6e14.css]
[www.iptvtemplate.shop/wp-content/uploads/elementor/css/post-5d262.css]
[www.iptvtemplate.shop/wp-content/plugins/elementskit-lite/modules/elementskit-icon-pack/assets/css/ekiticonsab7d.css]
[www.iptvtemplate.shop/wp-content/plugins/essential-addons-for-elementor-lite/assets/front-end/css/view/general.min29ad.css]
[www.iptvtemplate.shop/wp-content/uploads/essential-addons-elementor/eael-570a40a.css]
[www.iptvtemplate.shop/wp-content/plugins/elementor/assets/lib/eicons/css/elementor-icons.min192d.css]
[www.iptvtemplate.shop/wp-content/plugins/elementor/assets/lib/swiper/v8/css/swiper.min94a4.css]
[www.iptvtemplate.shop/wp-content/uploads/elementor/css/post-570900f.css]
[www.iptvtemplate.shop/wp-content/plugins/elementor/assets/lib/font-awesome/css/all.min6e14.css]
[www.iptvtemplate.shop/wp-content/plugins/elementor/assets/lib/font-awesome/css/v4-shims.min6e14.css]
[www.iptvtemplate.shop/wp-content/plugins/elementskit-lite/widgets/init/assets/css/widget-stylesab7d.css]
[www.iptvtemplate.shop/wp-content/plugins/elementskit-lite/widgets/init/assets/css/responsiveab7d.css]
[www.iptvtemplate.shop/wp-content/plugins/elementor/assets/lib/font-awesome/css/fontawesome.min52d5.css]
[www.iptvtemplate.shop/wp-content/plugins/elementor/assets/lib/font-awesome/css/solid.min52d5.css]
[www.iptvtemplate.shop/wp-content/plugins/elementor/assets/lib/font-awesome/css/brands.min52d5.css]
[c0.wp.com/p/jetpack/12.5/css/jetpack.css]
[c0.wp.com/c/6.4.2/wp-includes/js/jquery/jquery.min.js]
[c0.wp.com/c/6.4.2/wp-includes/js/jquery/jquery-migrate.min.js]
[www.iptvtemplate.shop/wp-content/plugins/popup-builder/public/js/Popup9d4d.js]
[www.iptvtemplate.shop/wp-content/plugins/popup-builder/public/js/PopupConfig9d4d.js]
[www.iptvtemplate.shop/wp-content/plugins/popup-builder/public/js/PopupBuilder9d4d.js]
[www.iptvtemplate.shop/wp-content/plugins/popup-builder/public/js/Subscription9d4d.js]
[www.iptvtemplate.shop/wp-content/plugins/popup-builder/public/js/Validate9d4d.js]
[stats.wp.com/s-202351.js]
[i0.wp.com/www.iptvtemplate.shop/wp-content/uploads/2023/04/iconse43b.png]
[i0.wp.com/www.iptvtemplate.shop/wp-content/uploads/2023/04/icons7b20.png]
[i0.wp.com/www.iptvtemplate.shop/wp-content/uploads/2023/04/IT1-1b0fa.png]
[i0.wp.com/www.iptvtemplate.shop/wp-content/uploads/2023/04/51-516917_premier-league-logo-white-10cd5.png]
[i0.wp.com/www.iptvtemplate.shop/wp-content/uploads/2023/04/bundesliga-logo-1d099.png]
[i0.wp.com/www.iptvtemplate.shop/wp-content/uploads/2023/04/laliga-h-1200x1200-1f01d.png]
[i0.wp.com/www.iptvtemplate.shop/wp-content/uploads/2023/04/ucl-logo-1654b.png]
[i0.wp.com/www.iptvtemplate.shop/wp-content/uploads/2023/04/people-enjoying-film-cinema-1-2039e.png]
[i0.wp.com/www.iptvtemplate.shop/wp-content/uploads/2023/04/💎0c35.png]
[i0.wp.com/www.iptvtemplate.shop/wp-content/uploads/2023/04/💸0c35.png]
[i0.wp.com/www.iptvtemplate.shop/wp-content/uploads/2023/04/📺0c35.png]
[i0.wp.com/www.iptvtemplate.shop/wp-content/uploads/2023/04/download-423a9e.jpg]
[i0.wp.com/www.iptvtemplate.shop/wp-content/uploads/2023/04/download-345b2f.jpg]
[i0.wp.com/www.iptvtemplate.shop/wp-content/uploads/2023/04/download-36e2d1.jpg]
[i0.wp.com/www.iptvtemplate.shop/wp-content/uploads/2023/04/download-375b2f.jpg]
[i0.wp.com/www.iptvtemplate.shop/wp-content/uploads/2023/04/download-23e2d1.jpg]
[i0.wp.com/www.iptvtemplate.shop/wp-content/uploads/2023/04/download-24e2d1.jpg]
[i0.wp.com/www.iptvtemplate.shop/wp-content/uploads/2023/04/download-25e2d1.jpg]
[i0.wp.com/www.iptvtemplate.shop/wp-content/uploads/2023/04/download-26e2d1.jpg]
[i0.wp.com/www.iptvtemplate.shop/wp-content/uploads/2023/04/download-20-1e2d1.jpg]
[i0.wp.com/www.iptvtemplate.shop/wp-content/uploads/2023/04/download-43e2d1.jpg]
[www.iptvtemplate.shop/wp-content/plugins/elementor/assets/css/widget-icon-list.min.css]
[i0.wp.com/www.iptvtemplate.shop/wp-content/uploads/2023/04/devices-1f9d8.png]
[i0.wp.com/www.iptvtemplate.shop/wp-content/uploads/2023/04/g18391938.png]
[i0.wp.com/www.iptvtemplate.shop/wp-content/uploads/2023/04/g103321938.png]
[i0.wp.com/www.iptvtemplate.shop/wp-content/uploads/2023/04/television-11938.png]
[www.iptvtemplate.shop/wp-content/plugins/wp-content-copy-protector/images/warning.png]
[www.iptvtemplate.shop/wp-content/plugins/elementor/assets/lib/animations/animations.min6e14.css]
[www.iptvtemplate.shop/wp-content/plugins/click-to-chat-for-whatsapp/new/inc/assets/js/appec5b.js]
[www.iptvtemplate.shop/wp-content/plugins/jetpack/jetpack_vendor/automattic/jetpack-image-cdn/dist/image-cdndca9.js]
[www.iptvtemplate.shop/wp-content/plugins/woolentor-addons/woolentor-blocks/src/assets/js/scripta19e.js]
[c0.wp.com/p/woocommerce/8.1.1/assets/js/jquery-blockui/jquery.blockUI.min.js]
[c0.wp.com/p/woocommerce/8.1.1/assets/js/js-cookie/js.cookie.min.js]
[c0.wp.com/p/woocommerce/8.1.1/assets/js/frontend/woocommerce.min.js]
[www.iptvtemplate.shop/wp-content/plugins/woolentor-addons/assets/js/slick.mina19e.js]
[www.iptvtemplate.shop/wp-content/plugins/woolentor-addons/assets/js/accordion.mina19e.js]
[www.iptvtemplate.shop/wp-content/themes/hello-elementor/assets/js/hello-frontend.min8a54.js]
[www.iptvtemplate.shop/wp-content/plugins/elementskit-lite/widgets/init/assets/js/widget-scriptsab7d.js]
[www.iptvtemplate.shop/wp-content/plugins/essential-addons-for-elementor-lite/assets/front-end/js/view/general.min29ad.js]
[www.iptvtemplate.shop/wp-content/uploads/essential-addons-elementor/eael-570a40a.js]
[stats.wp.com/e-202351.js]
[www.iptvtemplate.shop/wp-content/plugins/elementor/assets/js/webpack.runtime.min6e14.js]
[www.iptvtemplate.shop/wp-content/plugins/elementor/assets/js/frontend-modules.min6e14.js]
[www.iptvtemplate.shop/wp-content/plugins/elementor/assets/lib/waypoints/waypoints.min05da.js]
[c0.wp.com/c/6.4.2/wp-includes/js/jquery/ui/core.min.js]
[www.iptvtemplate.shop/wp-content/plugins/elementor/assets/js/frontend.min6e14.js]
[www.iptvtemplate.shop/wp-content/plugins/elementskit-lite/widgets/init/assets/js/animate-circle.minab7d.js]
[www.iptvtemplate.shop/wp-content/plugins/elementskit-lite/widgets/init/assets/js/elementorab7d.js]
[www.iptvtemplate.shop/home-option-6/index.html]
[www.iptvtemplate.shop/wp-content/plugins/click-to-chat-for-whatsapp/new/inc/assets/css/mainec5b.css]
[c0.wp.com/c/6.4.2/wp-includes/css/dist/block-library/style.min.css]
[www.iptvtemplate.shop/wp-content/plugins/jetpack/jetpack_vendor/automattic/jetpack-videopress/build/block-editor/blocks/video/view1eec.css]
[c0.wp.com/c/6.4.2/wp-includes/js/mediaelement/mediaelementplayer-legacy.min.css]
[c0.wp.com/c/6.4.2/wp-includes/js/mediaelement/wp-mediaelement.min.css]
[c0.wp.com/p/woocommerce/8.1.1/packages/woocommerce-blocks/build/wc-blocks-vendors-style.css]
[c0.wp.com/p/woocommerce/8.1.1/packages/woocommerce-blocks/build/wc-all-blocks-style.css]
[www.iptvtemplate.shop/wp-content/plugins/woolentor-addons/woolentor-blocks/src/assets/css/common-stylea19e.css]
[www.iptvtemplate.shop/wp-content/plugins/woolentor-addons/woolentor-blocks/src/assets/css/style-indexa19e.css]
[www.iptvtemplate.shop/wp-content/plugins/popup-builder/public/css/theme9d4d.css]
[www.iptvtemplate.shop/wp-content/plugins/popup-builder/public/css/ResetFormStyle9d4d.css]
[www.iptvtemplate.shop/wp-content/plugins/popup-builder/public/css/SubscriptionForm9d4d.css]
[c0.wp.com/p/woocommerce/8.1.1/assets/css/woocommerce-layout.css]
[c0.wp.com/p/woocommerce/8.1.1/assets/css/woocommerce-smallscreen.css]
[c0.wp.com/p/woocommerce/8.1.1/assets/css/woocommerce.css]
[www.iptvtemplate.shop/wp-content/plugins/elementor/assets/lib/font-awesome/css/font-awesome.min1849.css]
[www.iptvtemplate.shop/wp-content/plugins/woolentor-addons/assets/css/simple-line-iconsa19e.css]
[www.iptvtemplate.shop/wp-content/plugins/woolentor-addons/assets/css/htflexboxgrida19e.css]
[www.iptvtemplate.shop/wp-content/plugins/woolentor-addons/assets/css/slicka19e.css]
[c0.wp.com/c/6.4.2/wp-includes/js/mediaelement/mejs-controls.svg]
[www.iptvtemplate.shop/wp-content/plugins/woolentor-addons/assets/images/selector-icon.png]
[www.iptvtemplate.shop/wp-content/plugins/woolentor-addons/assets/images/check.png]
[www.iptvtemplate.shop/wp-content/plugins/woolentor-addons/assets/css/woolentor-widgetsa19e.css]
[www.iptvtemplate.shop/wp-content/themes/hello-elementor/style.min1102.css]
[www.iptvtemplate.shop/wp-content/themes/hello-elementor/theme.min1102.css]
[www.iptvtemplate.shop/wp-content/plugins/elementor/assets/css/frontend-lite.min6e14.css]
[www.iptvtemplate.shop/wp-content/uploads/elementor/css/post-5d262.css]
[www.iptvtemplate.shop/wp-content/plugins/elementskit-lite/modules/elementskit-icon-pack/assets/css/ekiticonsab7d.css]
[www.iptvtemplate.shop/wp-content/plugins/essential-addons-for-elementor-lite/assets/front-end/css/view/general.min29ad.css]
[www.iptvtemplate.shop/wp-content/uploads/essential-addons-elementor/eael-570a40a.css]
[www.iptvtemplate.shop/wp-content/plugins/elementor/assets/lib/eicons/css/elementor-icons.min192d.css]
[www.iptvtemplate.shop/wp-content/plugins/elementor/assets/lib/swiper/v8/css/swiper.min94a4.css]
[www.iptvtemplate.shop/wp-content/uploads/elementor/css/post-570900f.css]
[www.iptvtemplate.shop/wp-content/plugins/elementor/assets/lib/font-awesome/css/all.min6e14.css]
[www.iptvtemplate.shop/wp-content/plugins/elementor/assets/lib/font-awesome/css/v4-shims.min6e14.css]
[www.iptvtemplate.shop/wp-content/plugins/elementskit-lite/widgets/init/assets/img/arrow.png]
[www.iptvtemplate.shop/wp-content/plugins/elementskit-lite/widgets/init/assets/img/sort_asc.png]
[www.iptvtemplate.shop/wp-content/plugins/elementskit-lite/widgets/init/assets/img/sort_desc.png]
[www.iptvtemplate.shop/wp-content/plugins/elementskit-lite/widgets/init/assets/img/sort_asc_disabled.png]
[www.iptvtemplate.shop/wp-content/plugins/elementskit-lite/widgets/init/assets/css/widget-stylesab7d.css]
[www.iptvtemplate.shop/wp-content/plugins/elementskit-lite/widgets/init/assets/css/responsiveab7d.css]
[www.iptvtemplate.shop/wp-content/plugins/elementor/assets/lib/font-awesome/css/fontawesome.min52d5.css]
[www.iptvtemplate.shop/wp-content/plugins/elementor/assets/lib/font-awesome/css/solid.min52d5.css]
[www.iptvtemplate.shop/wp-content/plugins/elementor/assets/lib/font-awesome/css/brands.min52d5.css]
[c0.wp.com/p/jetpack/12.5/modules/shortcodes/img/slideshow-controls.png]
[c0.wp.com/p/jetpack/12.5/modules/shortcodes/img/slideshow-controls-2x.png]
[c0.wp.com/p/jetpack/12.5/modules/shortcodes/images/slide-nav.png]
[c0.wp.com/p/jetpack/12.5/modules/shortcodes/images/expand.png]
[c0.wp.com/p/jetpack/12.5/modules/shortcodes/images/collapse.png]
[secure.gravatar.com/images/grav-share-sprite.png]
[c0.wp.com/p/jetpack/12.5/css/jetpack.css]
[www.iptvtemplate.shop/wp-content/plugins/popup-builder/public/js/Popup9d4d.js]
[www.iptvtemplate.shop/home-option-6/img/close.png]
[www.iptvtemplate.shop/wp-content/plugins/popup-builder/public/js/PopupConfig9d4d.js]
[www.iptvtemplate.shop/wp-content/plugins/popup-builder/public/js/PopupBuilder9d4d.js]
[www.iptvtemplate.shop/wp-content/plugins/popup-builder/public/js/Subscription9d4d.js]
[www.iptvtemplate.shop/wp-content/plugins/popup-builder/public/js/Validate9d4d.js]
[www.iptvtemplate.shop/wp-content/plugins/elementor/assets/css/widget-icon-list.min.css]
[www.iptvtemplate.shop/wp-content/plugins/elementor/assets/lib/animations/animations.min6e14.css]
[www.iptvtemplate.shop/wp-content/plugins/click-to-chat-for-whatsapp/new/inc/assets/js/appec5b.js]
[www.iptvtemplate.shop/wp-content/plugins/jetpack/jetpack_vendor/automattic/jetpack-image-cdn/dist/image-cdndca9.js]
[www.iptvtemplate.shop/wp-content/plugins/woolentor-addons/woolentor-blocks/src/assets/js/scripta19e.js]
[www.iptvtemplate.shop/wp-content/plugins/woolentor-addons/assets/js/slick.mina19e.js]
[www.iptvtemplate.shop/wp-content/plugins/woolentor-addons/assets/js/accordion.mina19e.js]
[www.iptvtemplate.shop/wp-content/themes/hello-elementor/assets/js/hello-frontend.min8a54.js]
[www.iptvtemplate.shop/wp-content/plugins/elementskit-lite/libs/framework/assets/js/frontend-scriptab7d.js]
[www.iptvtemplate.shop/wp-content/plugins/elementskit-lite/widgets/init/assets/js/widget-scriptsab7d.js]
[www.iptvtemplate.shop/wp-content/plugins/essential-addons-for-elementor-lite/assets/front-end/js/view/general.min29ad.js]
[www.iptvtemplate.shop/wp-content/uploads/essential-addons-elementor/eael-570a40a.js]
[www.iptvtemplate.shop/wp-content/plugins/elementor/assets/js/webpack.runtime.min6e14.js]
[www.iptvtemplate.shop/wp-content/plugins/elementor/assets/js/frontend-modules.min6e14.js]
[www.iptvtemplate.shop/wp-content/plugins/elementor/assets/lib/waypoints/waypoints.min05da.js]
[www.iptvtemplate.shop/wp-content/plugins/elementor/assets/lib/font-awesome/js/v4-shims.min6e14.js]
[www.iptvtemplate.shop/home-option-6/Trident/index.html]
[www.iptvtemplate.shop/home-option-6/-negative.6f.delayed]
[www.iptvtemplate.shop/wp-content/plugins/elementor/assets/js/frontend.min6e14.js]
[www.iptvtemplate.shop/wp-content/plugins/elementskit-lite/widgets/init/assets/js/animate-circle.minab7d.js]
[www.iptvtemplate.shop/wp-content/plugins/elementskit-lite/widgets/init/assets/js/elementorab7d.js]
[c0.wp.com/c/6.4.2/wp-includes/js/mediaelement/mejs-controls.svg]
[www.iptvtemplate.shop/home-option-6/img/close.html]
[www.iptvtemplate.shop/home-option-6/Trident/index.html]
[www.iptvtemplate.shop/wp-content/plugins/elementor/assets/lib/font-awesome/js/v4-shims.min6e14.js]
[www.iptvtemplate.shop/home-option-6/-negative.html]
[www.iptvtemplate.shop/home-option-6/OPR/index.html]
[www.iptvtemplate.shop/home-option-6/OPR/index.html]
